C251 COMPILER V5.60.0,  INS5699S                                                           24/04/24  23:59:19  PAGE 1   


C251 COMPILER V5.60.0, COMPILATION OF MODULE INS5699S
OBJECT MODULE PLACED IN ..\firmware\INS5699S.obj
COMPILER INVOKED BY: C:\Keil_v5\C251\BIN\C251.EXE INS5699S.c XSMALL OPTIMIZE(9,SPEED) BROWSE DEBUG TABS(2) OBJECT(..\fir
                    -mware\INS5699S.obj) 

stmt  level    source

    1          #include "INS5699S.h"
    2          #include "IIC.h"
    3          #include "time.h"
    4          #include "DATA.h"
    5          
    6          extern u16 xdata dat00[System_data_num];
    7          extern u8 xdata Time_New[7];
    8          extern u8 xdata Time_int[7];
    9          
   10          
   11          
   12          void INS5699_timeR()
   13          {
   14   1            u8 i = 0;
   15   1            Start(); //发送起始命令
   16   1            SendData(INS5699_W);                             //发送设备地址+写命令
   17   1            RecvACK();
   18   1            SendData(0x00);                             //发送设备地址+写命令
   19   1            RecvACK();
   20   1            Start(); //发送起始命令
   21   1            SendData(INS5699_R);                             //发送设备地址+写命令
   22   1            RecvACK();
   23   1        
   24   1           for(i=0;i<7;i++)
   25   1           {
   26   2            Time_New[i] = RecvData();                            //读取数据2
   27   2            if(i == 6)
   28   2            {
   29   3                SendNAK();  
   30   3            }
   31   2            else
   32   2            {
   33   3               SendACK();
   34   3            }
   35   2           }
   36   1           Stop();
   37   1      }
   38          
   39          
   40          
   41          
   42          void INS5699_timeW(u8 *a)
   43          {
   44   1            u8 i = 0;
   45   1            Start(); //发送起始命令
   46   1            SendData(INS5699_W);                             //发送设备地址+写命令
   47   1            RecvACK();
   48   1            SendData(0x00);                             //发送设备地址+写命令
   49   1            RecvACK();
   50   1           for(i=0;i<7;i++)
   51   1           {
   52   2            SendData(a[i]);                             //发送设备地址+写命令
   53   2            RecvACK();
   54   2           }
   55   1           Stop();
   56   1      }
   57          
   58          
C251 COMPILER V5.60.0,  INS5699S                                                           24/04/24  23:59:19  PAGE 2   

   59          
   60          
   61          
   62          void INS5699_timer_clean()
   63          {
   64   1          IIC_W2bit(0x64,0x0D,0x02);//关闭定时器
   65   1          IIC_W2bit(0x64,0x0E,0x00);//清除警告
   66   1          IIC_W2bit(0x64,0x0B,0x01);//配置定时器
   67   1          IIC_W2bit(0x64,0x0C,0x00);//配置定时器
   68   1          IIC_W2bit(0x64,0x0D,0x10);//打开定时器，配置4096Hz清零  
   69   1      
   70   1          Sleep_delay_Time(2);  
   71   1          if(!(0x08 & IIC_R1bit(INS5699_W,0x0e)))
   72   1          {
   73   2            Sleep_delay_Time(2);
   74   2          }
   75   1          //delay_ms(1);
   76   1          IIC_W2bit(0x64,0x0D,0x02);//关闭定时器，配置1Hz
   77   1          IIC_W2bit(0x64,0x0E,0x00);//清除警告
   78   1          IIC_W2bit(0x64,0x0D,0x12);//打开定时器，配置1Hz
   79   1      }
   80          
   81          
   82          
   83          
   84          
   85          
   86          
   87          
   88          
   89          
   90          
   91          
   92          
   93          
   94          
   95          
   96          
   97          
   98          
   99          
  100          


Module Information          Static   Overlayable
------------------------------------------------
  code size            =       255     ------
  ecode size           =    ------     ------
  data size            =    ------     ------
  idata size           =    ------     ------
  pdata size           =    ------     ------
  xdata size           =    ------     ------
  xdata-const size     =    ------     ------
  edata size           =    ------          1
  bit size             =    ------     ------
  ebit size            =    ------     ------
  bitaddressable size  =    ------     ------
  ebitaddressable size =    ------     ------
  far data size        =    ------     ------
  huge data size       =    ------     ------
  const size           =    ------     ------
  hconst size          =    ------     ------
End of Module Information.


C251 COMPILATION COMPLETE.  0 WARNING(S),  0 ERROR(S)
