C251 COMPILER V5.60.0,  UI                                                                 24/04/24  23:59:22  PAGE 1   


C251 COMPILER V5.60.0, COMPILATION OF MODULE UI
OBJECT MODULE PLACED IN ..\firmware\UI.obj
COMPILER INVOKED BY: C:\Keil_v5\C251\BIN\C251.EXE UI.c XSMALL OPTIMIZE(9,SPEED) BROWSE DEBUG TABS(2) OBJECT(..\firmware\
                    -UI.obj) 

stmt  level    source

    1          #include "UI.h"
    2          #include "OLED.h"
    3          #include "DATA.h"
    4          #include "Main_Menu.h"
    5          #include "TV_Mode.h"
    6          #include "SecondaryMenu.h"
    7          #include "ThreeMenu.h"
    8          #include "CompassMenu.h"
    9          #include "BMC050.h"
   10          
   11          extern u16 xdata dat00[System_data_num];
   12          extern u16 xdata dat00_low[System_data_num];
   13          extern u8 xdata dat00_flag[System_data_num];
   14          
   15          
   16          /****************************** 睡眠寄存器组 ***********************************/
   17          extern u16 Sleep_Queue[Sleep_queue_num];
   18          extern u16 Sleep_Queue_count;
   19          extern u16 Sleep_Queue_count_target;
   20          extern u16 Sleep_Queue_task[Sleep_queue_num];
   21          
   22          //******************************************************************************
   23          //
   24          //    用于选择UI界面
   25          //
   26          //******************************************************************************
   27          void UI_switch()
   28          {
   29   1        
   30   1        
   31   1        if(dat00_flag[0x0010])
   32   1        {
   33   2          
   34   2          if(dat00[0x0010] == 0x0000 && dat00[0x1A] == 0)
   35   2          {
   36   3              if(dat00_low[0x0010] == 0x0005) Magnetometer_Close();//如果从指南针退出，挂起传感器
   37   3              OLED_Fill(0x00); //初始清屏
   38   3              IU_Main_Menu_Switch();
   39   3              UI_main(1);
   40   3          }
   41   2          else if((dat00[0x0010] >= 0x0001 && dat00[0x1A] == 0 && dat00[0x0010] <= 0x0010 && dat00[0x0010] != 0x0
             -005))
   42   2          {
   43   3              OLED_Fill(0x00); //初始清屏
   44   3              IU_Main_Menu_Switch();
   45   3              UI_SecondaryMenu(1);
   46   3          }
   47   2          else if(dat00[0x1A] == 1)
   48   2          {
   49   3              IU_Main_Menu_Switch();
   50   3              dat00[0x1B] = dat00_low[GET_SCdat3()];
   51   3              UI_ThreeMenu();
   52   3            
   53   3          }
   54   2              else if(dat00[0x0010] == 0x0020 && dat00[0x1A] == 0)
   55   2          {
   56   3              OLED_Fill(0x00); //初始清屏
   57   3              IU_Main_Menu_Switch();
C251 COMPILER V5.60.0,  UI                                                                 24/04/24  23:59:22  PAGE 2   

   58   3              TVMode_int();
   59   3            
   60   3          } 
   61   2          else if(dat00[0x0010] == 0x0021 && dat00[0x1A] == 0)
   62   2          {
   63   3              OLED_Fill(0x00); //初始清屏
   64   3              IU_Main_Menu_Switch();
   65   3              TVMode2_int();
   66   3            
   67   3          }
   68   2          else if(dat00[0x0010] == 0x0022 && dat00[0x1A] == 0)
   69   2          {
   70   3              OLED_Fill(0x00); //初始清屏
   71   3              IU_Main_Menu_Switch();
   72   3              TVMode3_int();
   73   3            
   74   3          }
   75   2          else if(dat00[0x1A] == 0 &&  dat00[0x0010] == 0x0005)
   76   2          {
   77   3              OLED_Fill(0x00); //初始清屏
   78   3              UI_CompassMenu_int();
   79   3            
   80   3          }
   81   2          
   82   2          dat00_flag[0x0010] = 0;
   83   2        }
   84   1        
   85   1        
   86   1      }
   87          
   88          
   89          //******************************************************************************
   90          //
   91          //    UI线程
   92          //
   93          //******************************************************************************
   94          
   95          
   96          void IU_Thread()
   97          {
   98   1        if(Sleep_Queue_task[0] & 0x0001)
   99   1        {
  100   2          
  101   2          IU_Main_Menu();
  102   2          IU_Secondary();
  103   2          IU_Three();
  104   2          IU_TVMode();
  105   2          UI_CompassMenu_time();
  106   2      
  107   2          Sleep_Queue_task[0] &= ~0x0001;
  108   2        }
  109   1      
  110   1      }
  111          
  112          
  113          
  114          
  115          
  116          


Module Information          Static   Overlayable
------------------------------------------------
  code size            =       276     ------
  ecode size           =    ------     ------
  data size            =    ------     ------
  idata size           =    ------     ------
C251 COMPILER V5.60.0,  UI                                                                 24/04/24  23:59:22  PAGE 3   

  pdata size           =    ------     ------
  xdata size           =    ------     ------
  xdata-const size     =    ------     ------
  edata size           =    ------     ------
  bit size             =    ------     ------
  ebit size            =    ------     ------
  bitaddressable size  =    ------     ------
  ebitaddressable size =    ------     ------
  far data size        =    ------     ------
  huge data size       =    ------     ------
  const size           =    ------     ------
  hconst size          =    ------     ------
End of Module Information.


C251 COMPILATION COMPLETE.  0 WARNING(S),  0 ERROR(S)
