A251 MACRO ASSEMBLER  isr                                                                   25/04/24 01:58:01 PAGE     1


MACRO ASSEMBLER A251 V4.69.13.0
OBJECT MODULE PLACED IN isr.OBJ
ASSEMBLER INVOKED BY: C:\Keil_v5\C251\BIN\A251.EXE isr.asm MODSRC SET(XSMALL) DEBUG EP

LOC    OBJ             LINE     SOURCE

00012B                    1             CSEG    AT  012BH           ;P0INT_VECTOR
00012B 020000     F       2             JMP     P0INT_ISR
000133                    3             CSEG    AT  0133H           ;P1INT_VECTOR
000133 020000     F       4             JMP     P1INT_ISR
00013B                    5             CSEG    AT  013BH           ;P2INT_VECTOR
00013B 020000     F       6             JMP     P2INT_ISR
000143                    7             CSEG    AT  0143H           ;P3INT_VECTOR
000143 020000     F       8             JMP     P3INT_ISR
00014B                    9             CSEG    AT  014BH           ;P4INT_VECTOR
00014B 020000     F      10             JMP     P4INT_ISR
000153                   11             CSEG    AT  0153H           ;P5INT_VECTOR
000153 020000     F      12             JMP     P5INT_ISR
00015B                   13             CSEG    AT  015BH           ;P6INT_VECTOR
00015B 020000     F      14             JMP     P6INT_ISR
000163                   15             CSEG    AT  0163H           ;P7INT_VECTOR
000163 020000     F      16             JMP     P7INT_ISR
00016B                   17             CSEG    AT  016BH           ;P8INT_VECTOR
00016B 020000     F      18             JMP     P8INT_ISR
000173                   19             CSEG    AT  0173H           ;P9INT_VECTOR
000173 020000     F      20             JMP     P9INT_ISR
00017B                   21             CSEG    AT  017BH           ;M2MBMM_VECTOR
00017B 020000     F      22             JMP     M2MBMM_ISR
000183                   23             CSEG    AT  0183H           ;ADCBMM_VECTOR
000183 020000     F      24             JMP     ADCBMM_ISR
00018B                   25             CSEG    AT  018BH           ;SPIBMM_VECTOR
00018B 020000     F      26             JMP     SPIBMM_ISR
000193                   27             CSEG    AT  0193H           ;U1TXBMM_VECTOR
000193 020000     F      28             JMP     U1TXBMM_ISR
00019B                   29             CSEG    AT  019BH           ;U1RXBMM_VECTOR
00019B 020000     F      30             JMP     U1RXBMM_ISR
0001A3                   31             CSEG    AT  01A3H           ;U2TXBMM_VECTOR
0001A3 020000     F      32             JMP     U2TXBMM_ISR
0001AB                   33             CSEG    AT  01ABH           ;U2RXBMM_VECTOR
0001AB 020000     F      34             JMP     U2RXBMM_ISR
0001B3                   35             CSEG    AT  01B3H           ;U3TXBMM_VECTOR
0001B3 020000     F      36             JMP     U3TXBMM_ISR
0001BB                   37             CSEG    AT  01BBH           ;U3RXBMM_VECTOR
0001BB 020000     F      38             JMP     U3RXBMM_ISR
0001C3                   39             CSEG    AT  01C3H           ;U4TXBMM_VECTOR
0001C3 020000     F      40             JMP     U4TXBMM_ISR
0001CB                   41             CSEG    AT  01CBH           ;U4RXBMM_VECTOR
0001CB 020000     F      42             JMP     U4RXBMM_ISR
0001D3                   43             CSEG    AT  01D3H           ;LCMBMM_VECTOR
0001D3 020000     F      44             JMP     LCMBMM_ISR
0001DB                   45             CSEG    AT  01DBH           ;LCMIF_VECTOR
0001DB 8000       F      46             JMP     LCMIF_ISR
0001DD                   47     P0INT_ISR:
0001DD                   48     P1INT_ISR:
0001DD                   49     P2INT_ISR:
0001DD                   50     P3INT_ISR:
0001DD                   51     P4INT_ISR:
0001DD                   52     P5INT_ISR:
0001DD                   53     P6INT_ISR:
0001DD                   54     P7INT_ISR:
0001DD                   55     P8INT_ISR:
0001DD                   56     P9INT_ISR:
0001DD                   57     M2MBMM_ISR:
0001DD                   58     ADCBMM_ISR:
A251 MACRO ASSEMBLER  isr                                                                   25/04/24 01:58:01 PAGE     2

0001DD                   59     SPIBMM_ISR:
0001DD                   60     U1TXBMM_ISR:
0001DD                   61     U1RXBMM_ISR:
0001DD                   62     U2TXBMM_ISR:
0001DD                   63     U2RXBMM_ISR:
0001DD                   64     U3TXBMM_ISR:
0001DD                   65     U3RXBMM_ISR:
0001DD                   66     U4TXBMM_ISR:
0001DD                   67     U4RXBMM_ISR:
0001DD                   68     LCMBMM_ISR:
0001DD                   69     LCMIF_ISR:
0001DD 02006B            70             JMP     006BH
                         71             END
A251 MACRO ASSEMBLER  isr                                                                   25/04/24 01:58:01 PAGE     3

SYMBOL TABLE LISTING
------ ----- -------


N A M E      T Y P E  V A L U E     ATTRIBUTES

ADCBMM_ISR . . . .  C  ADDR  01DDH     R   SEG=?CO?isr?23
LCMBMM_ISR . . . .  C  ADDR  01DDH     R   SEG=?CO?isr?23
LCMIF_ISR. . . . .  C  ADDR  01DDH     R   SEG=?CO?isr?23
M2MBMM_ISR . . . .  C  ADDR  01DDH     R   SEG=?CO?isr?23
P0INT_ISR. . . . .  C  ADDR  01DDH     R   SEG=?CO?isr?23
P1INT_ISR. . . . .  C  ADDR  01DDH     R   SEG=?CO?isr?23
P2INT_ISR. . . . .  C  ADDR  01DDH     R   SEG=?CO?isr?23
P3INT_ISR. . . . .  C  ADDR  01DDH     R   SEG=?CO?isr?23
P4INT_ISR. . . . .  C  ADDR  01DDH     R   SEG=?CO?isr?23
P5INT_ISR. . . . .  C  ADDR  01DDH     R   SEG=?CO?isr?23
P6INT_ISR. . . . .  C  ADDR  01DDH     R   SEG=?CO?isr?23
P7INT_ISR. . . . .  C  ADDR  01DDH     R   SEG=?CO?isr?23
P8INT_ISR. . . . .  C  ADDR  01DDH     R   SEG=?CO?isr?23
P9INT_ISR. . . . .  C  ADDR  01DDH     R   SEG=?CO?isr?23
SPIBMM_ISR . . . .  C  ADDR  01DDH     R   SEG=?CO?isr?23
U1RXBMM_ISR. . . .  C  ADDR  01DDH     R   SEG=?CO?isr?23
U1TXBMM_ISR. . . .  C  ADDR  01DDH     R   SEG=?CO?isr?23
U2RXBMM_ISR. . . .  C  ADDR  01DDH     R   SEG=?CO?isr?23
U2TXBMM_ISR. . . .  C  ADDR  01DDH     R   SEG=?CO?isr?23
U3RXBMM_ISR. . . .  C  ADDR  01DDH     R   SEG=?CO?isr?23
U3TXBMM_ISR. . . .  C  ADDR  01DDH     R   SEG=?CO?isr?23
U4RXBMM_ISR. . . .  C  ADDR  01DDH     R   SEG=?CO?isr?23
U4TXBMM_ISR. . . .  C  ADDR  01DDH     R   SEG=?CO?isr?23


REGISTER BANK(S) USED: 


ASSEMBLY COMPLETE.  0 WARNING(S), 0 ERROR(S).
